// Jest Snapshot v1, https://goo.gl/fbAQLP

exports[`List renders as expected 1`] = `
<div>
  <div
    class="m-8"
  >
    <h2
      class="text-2xl font-semibold leading-5 text-green-400"
    >
      Allowances
    </h2>
    <div
      class="grid grid-cols-1 sm:grid-cols-1 md:grid-cols-2 xl:grid-cols-3 gap-4 mt-7"
    />
  </div>
</div>
`;
